// Jest Snapshot v1, https://goo.gl/fbAQLP

exports[`SearchForm should render component correctly in case when all props defined 1`] = `
<ContextConsumer>
  <Component />
</ContextConsumer>
`;
