// Jest Snapshot v1, https://goo.gl/fbAQLP

exports[`Button should render component correctly in case when all props defined 1`] = `
<button
  className="button"
  onClick={[Function]}
>
  test
</button>
`;
