// Jest Snapshot v1, https://goo.gl/fbAQLP

exports[`Footer should render component correctly in case when all props defined 1`] = `
<footer
  className="footer"
>
  <Logo />
</footer>
`;
